  movie_id               title                    genres            rating  
      4            Get Shorty (1995)        Action,Comedy,Drama       8     
      9         Dead Man Walking (1995)            Drama              7     
     19          Antonia's Line (1995)             Drama              8     
     29               Raw (2016)               Horror,Drama           6     
