  movie_id                title                              genres                 
     17         From Dusk Till Dawn (1996)     Action,Comedy,Crime,Horror,Thriller  
     29                 Raw (2016)                        Horror,Drama              
     30             Nightwatch (1997)                    Horror,Thriller            
