             title                         genres            
       GoldenEye (1995)           Action,Adventure,Thriller  
       Four Rooms (1995)                  Thriller           
     Seven (Se7en) (1995)              Crime,Thriller        
  Usual Suspects, The (1995)           Crime,Thriller        
      Tom and Huck (1995)            Adventure,Children      
    Gumby: The Movie (1995)          Animation,Children      
        Hideaway (1995)                   Thriller           
       Nightwatch (1997)               Horror,Thriller       
