  first_name       last_name       movie_id     rating  
   Anastasia       Tocilescu          5           3     
    Vasile          Dascalu           13          4     
     Vlad           Dobrescu          11          5     
      Ion          Georgescu          9           7     
     Vlad           Stanescu          14          3     
      Ion           Bengescu          6           5     
     Vlad           Flondor           10          10    
   Anastasia      Papagheorghe        4           8     
