  first_name      last_name     AA_grade     PP_grade     PC_grade     PA_grade     POO_grade  
      Ion         Bengescu         9            6            9            3             1      
      Ana         Stanescu         8            10           9            2             7      
     Vlad         Dobrescu         9            9            1            8             9      
     Vlad         Bengescu         9            6            10           2             7      
     Vlad         Stanescu         9            7            5            9             2      
     Paul         Stanescu         8            5            2            1            10      
